--------- beginning of /dev/log/system
I/auditd  ( 1912): Starting up
I/audit_log( 1912): Previous audit logfile not detected
--------- beginning of /dev/log/main
I/installd( 1921): installd firing up
I/DEBUG   ( 1914): debuggerd: Dec 20 2014 18:55:02
I/mk      ( 1939):    __     __    ____  __  _  _____  _____ 
I/mk      ( 1940):   //\    //\   ||   | ||  / ||     ||     
E/DirectVolume( 1911): Vold managed volumes must have auto mount point; ignoring /storage/sdcard1
E/DirectVolume( 1911): Vold managed volumes must have auto mount point; ignoring /storage/usbdisk0
I/Vold    ( 1911): Vold 2.1 (the revenge) firing up
D/Vold    ( 1911): Volume sdcard1 state changing -1 (Initializing) -> 0 (No-Media)
D/Vold    ( 1911): Volume usbdisk0 state changing -1 (Initializing) -> 0 (No-Media)
D/macloader( 1923): Deleting file /data/.cid.info
I/mk      ( 1942):  //  \  //  \  ||   | || |  ||———— ||———— 
I/Netd    ( 1913): Netd 1.0 starting
D/Vold    ( 1911): Volume sdcard1 state changing 0 (No-Media) -> 2 (Pending)
D/DirectVolume( 1911): DirectVolume::handlePartitionAdded -> MAJOR 179, MINOR 17, PARTN 1
D/Vold    ( 1911): Volume sdcard1 state changing 2 (Pending) -> 1 (Idle-Unmounted)
I/mk      ( 1952): //    \//    \ ||___| ||  \ ||____ ||____ 
I/mk      ( 1987): Welcome to Android 4.4.4 / MoKee-MK44.4-i9308-201412262205-UNOFFICIAL 
I/SurfaceFlinger( 1917): SurfaceFlinger is starting
I/SurfaceFlinger( 1917): SurfaceFlinger's main thread ready to run. Initializing graphics H/W...
D/libEGL  ( 1917): loaded /system/lib/egl/libEGL_mali.so
D/libEGL  ( 1917): loaded /system/lib/egl/libGLESv1_CM_mali.so
D/libEGL  ( 1917): loaded /system/lib/egl/libGLESv2_mali.so
E/        ( 1917): ERROR in Mali driver:
E/        ( 1917):  * Device driver API mismatch
E/        ( 1917):  * Device driver API version: 29
E/        ( 1917):  * User space API version: 23
E/        ( 1917): mali: REVISION=Linux-r3p2-01rel3 BUILD_DATE=Fri Mar 21 13:52:50 KST 2014 
W/libEGL  ( 1917): eglInitialize(0x1) failed (EGL_BAD_ALLOC)
I/gralloc ( 1917): using (fd=16)
I/gralloc ( 1917): id           = s3cfb
I/gralloc ( 1917): xres         = 720 px
I/gralloc ( 1917): yres         = 1280 px
I/gralloc ( 1917): xres_virtual = 720 px
I/gralloc ( 1917): yres_virtual = 2560 px
I/gralloc ( 1917): bpp          = 32
I/gralloc ( 1917): r            = 16:8
I/gralloc ( 1917): g            =  8:8
I/gralloc ( 1917): b            =  0:8
I/gralloc ( 1917): width        = 60 mm (304.799988 dpi)
I/gralloc ( 1917): height       = 106 mm (306.716980 dpi)
I/gralloc ( 1917): refresh rate = 60.51 Hz
I/SurfaceFlinger( 1917): Using composer version 1.0
W/SurfaceFlinger( 1917): getting VSYNC period from fb HAL: 16527286
W/SurfaceFlinger( 1917): no suitable EGLConfig found, trying a simpler query
F/SurfaceFlinger( 1917): no suitable EGLConfig found, giving up
W/SurfaceFlinger( 1917): Ignoring duplicate VSYNC event from HWC (t=0)
F/libc    ( 1917): Fatal signal 6 (SIGABRT) at 0x0000077d (code=-6), thread 1917 (surfaceflinger)
I/mediaserver( 1920): ServiceManager: 0x40cd01b0
I/AudioFlinger( 1920): Using default 3000 mSec as standby time.
E/MediaPlayerFactory( 1920): calling dlopen on FACTORY_LIB
E/MediaPlayerFactory( 1920): Failed to open FACTORY_LIB Error : dlopen failed: library "libdashplayer.so" not found 
I/CameraService( 1920): CameraService started (pid=1920)
I/CameraService( 1920): Loaded "m0xx Camera Wrapper" camera module
D/SecCameraHardware( 1920): LSIHAL int android::HAL_getNumberOfCameras()
I/AudioPolicyManagerBase( 1920): loadAudioPolicyConfig() loaded /system/etc/audio_policy.conf
V/audio_hw_primary( 1920): Reading configuration from /system/etc/sound/i9308
E/audio_hw_primary( 1920): Failed to open /system/etc/sound/i9308
E/AudioFlinger( 1920): int android::load_audio_interface(const char*, audio_hw_device_t**) couldn't open audio hw device in audio.primary (Invalid argument)
I/AudioFlinger( 1920): loadHwModule() error -22 loading module primary 
W/AudioPolicyManagerBase( 1920): could not open HW module primary
I/audio_a2dp_hw( 1920): adev_open:  adev_open in A2dp_hw module
I/AudioFlinger( 1920): loadHwModule() Loaded a2dp audio interface from A2DP Audio HW HAL (audio) handle 1
I/AudioFlinger( 1920): loadHwModule() Loaded usb audio interface from USB audio HW HAL (audio) handle 2
I/r_submix( 1920): adev_open(name=audio_hw_if)
I/r_submix( 1920): adev_init_check()
I/AudioFlinger( 1920): loadHwModule() Loaded r_submix audio interface from Wifi Display audio HAL (audio) handle 3
E/AudioPolicyManagerBase( 1920): Not output found for attached devices 00000003
E/AudioPolicyManagerBase( 1920): Failed to open primary output
E/AudioPolicyManagerBase( 1920): getDeviceForStrategy() speaker device not found for STRATEGY_SONIFICATION
E/AudioPolicyManagerBase( 1920): getDeviceForStrategy() speaker device not found for STRATEGY_SONIFICATION
E/AudioPolicyService( 1920): couldn't init_check the audio policy (No such device)
I/DEBUG   ( 1914): *** *** *** *** *** *** *** *** *** *** *** *** *** *** *** ***
I/DEBUG   ( 1914): Build fingerprint: 'samsung/i9308xx/i9308:4.3/JSS15J/i9308XXUGMJ9:user/release-keys'
I/DEBUG   ( 1914): Revision: '12'
I/DEBUG   ( 1914): pid: 1917, tid: 1917, name: surfaceflinger  >>> /system/bin/surfaceflinger <<<
I/DEBUG   ( 1914): signal 6 (SIGABRT), code -6 (SI_TKILL), fault addr --------
I/DEBUG   ( 1914):     r0 00000000  r1 0000077d  r2 00000006  r3 00000000
I/DEBUG   ( 1914):     r4 4017bf2c  r5 00000006  r6 00000002  r7 0000010c
I/DEBUG   ( 1914):     r8 00000001  r9 41b87530  sl 00000001  fp beca6a6c
I/DEBUG   ( 1914):     ip 0000077d  sp beca6518  lr 402260b7  pc 4023505c  cpsr 000f0010
I/DEBUG   ( 1914):     d0  6174697520676e69  d1  434c474520656c62
I/DEBUG   ( 1914):     d2  6f66206769666e6f  d3  766967202c646e75
I/DEBUG   ( 1914):     d4  3fe000000000953a  d5  4024000000000000
I/DEBUG   ( 1914):     d6  0000000000000000  d7  4398666640000000
I/DEBUG   ( 1914):     d8  0000000000000000  d9  0000000000000000
I/DEBUG   ( 1914):     d10 0000000000000000  d11 0000000000000000
I/DEBUG   ( 1914):     d12 0000000000000000  d13 0000000000000000
I/DEBUG   ( 1914):     d14 0000000000000000  d15 0000000000000000
I/DEBUG   ( 1914):     d16 404e40c4a0000000  d17 41cdcd6500000000
I/DEBUG   ( 1914):     d18 416f85f6cd117aa9  d19 0000000000000000
I/DEBUG   ( 1914):     d20 401833d080000000  d21 404e40c4a0000000
I/DEBUG   ( 1914):     d22 0000000000000000  d23 0000000000000000
I/DEBUG   ( 1914):     d24 0000000000000000  d25 0000000000000000
I/DEBUG   ( 1914):     d26 404e40c4a0000000  d27 0000000000000000
I/DEBUG   ( 1914):     d28 0000000000000000  d29 0000000000000000
I/DEBUG   ( 1914):     d30 0000000000000000  d31 4000000000000000
I/DEBUG   ( 1914):     scr 20000010
I/DEBUG   ( 1914): 
I/DEBUG   ( 1914): backtrace:
I/DEBUG   ( 1914):     #00  pc 0002205c  /system/lib/libc.so (tgkill+12)
I/DEBUG   ( 1914):     #01  pc 000130b3  /system/lib/libc.so (pthread_kill+50)
I/DEBUG   ( 1914):     #02  pc 000132ab  /system/lib/libc.so (raise+10)
I/DEBUG   ( 1914):     #03  pc 0001200b  /system/lib/libc.so
I/DEBUG   ( 1914):     #04  pc 00021910  /system/lib/libc.so (abort+4)
I/DEBUG   ( 1914):     #05  pc 00006aaf  /system/lib/libcutils.so (__android_log_assert+86)
I/DEBUG   ( 1914):     #06  pc 0001d11f  /system/lib/libsurfaceflinger.so (android::SurfaceFlinger::init()+1294)
I/DEBUG   ( 1914):     #07  pc 000008a7  /system/bin/surfaceflinger
I/DEBUG   ( 1914):     #08  pc 0000e42b  /system/lib/libc.so (__libc_init+50)
I/DEBUG   ( 1914):     #09  pc 000007dc  /system/bin/surfaceflinger
I/DEBUG   ( 1914): 
I/DEBUG   ( 1914): stack:
I/DEBUG   ( 1914):          beca64d8  00000000  
I/DEBUG   ( 1914):          beca64dc  00000000  
I/DEBUG   ( 1914):          beca64e0  00000000  
I/DEBUG   ( 1914):          beca64e4  00000000  
I/DEBUG   ( 1914):          beca64e8  00000000  
I/DEBUG   ( 1914):          beca64ec  000003ff  
I/DEBUG   ( 1914):          beca64f0  40208660  /system/lib/libsurfaceflinger.so
I/DEBUG   ( 1914):          beca64f4  beca69e8  [stack]
I/DEBUG   ( 1914):          beca64f8  41b8b600  [heap]
I/DEBUG   ( 1914):          beca64fc  00000001  
I/DEBUG   ( 1914):          beca6500  41b87530  [heap]
I/DEBUG   ( 1914):          beca6504  00000001  
I/DEBUG   ( 1914):          beca6508  40196525  /system/lib/libcutils.so
I/DEBUG   ( 1914):          beca650c  40208660  /system/lib/libsurfaceflinger.so
I/DEBUG   ( 1914):          beca6510  beca6584  [stack]
I/DEBUG   ( 1914):          beca6514  00000000  
I/DEBUG   ( 1914):     #00  beca6518  4017bf2c  /system/bin/linker
I/DEBUG   ( 1914):          beca651c  00000006  
I/DEBUG   ( 1914):          beca6520  00000002  
I/DEBUG   ( 1914):          beca6524  0000077d  
I/DEBUG   ( 1914):          beca6528  0000077d  
I/DEBUG   ( 1914):          beca652c  402260b7  /system/lib/libc.so (pthread_kill+54)
I/DEBUG   ( 1914):     #01  beca6530  4017bf24  /system/bin/linker
I/DEBUG   ( 1914):          beca6534  00000006  
I/DEBUG   ( 1914):          beca6538  00000000  
I/DEBUG   ( 1914):          beca653c  beca69e8  [stack]
I/DEBUG   ( 1914):          beca6540  41b8b600  [heap]
I/DEBUG   ( 1914):          beca6544  402262af  /system/lib/libc.so (raise+14)
I/DEBUG   ( 1914):     #02  beca6548  beca6554  [stack]
I/DEBUG   ( 1914):          beca654c  4022500f  /system/lib/libc.so
I/DEBUG   ( 1914): 
I/DEBUG   ( 1914): memory near r4:
I/DEBUG   ( 1914):     4017bf0c 00000000 00000000 00000000 00000000  
I/DEBUG   ( 1914):     4017bf1c beca6a7c 00000000 4017bf24 4017c154  
I/DEBUG   ( 1914):     4017bf2c 00000002 402c2848 00000000 00000000  
I/DEBUG   ( 1914):     4017bf3c 4017c194 00000000 00000000 00000000  
I/DEBUG   ( 1914):     4017bf4c 00000000 00000000 00000000 41b8a2c0  
I/DEBUG   ( 1914):     4017bf5c 00000000 00000000 00000000 00000000  
I/DEBUG   ( 1914):     4017bf6c 00000000 00000000 00000000 00000000  
I/DEBUG   ( 1914):     4017bf7c 00000000 00000000 00000000 00000000  
I/DEBUG   ( 1914):     4017bf8c 00000000 00000000 00000000 00000000  
I/DEBUG   ( 1914):     4017bf9c 00000000 00000000 00000000 00000000  
I/DEBUG   ( 1914):     4017bfac 00000000 00000000 00000000 00000000  
I/DEBUG   ( 1914):     4017bfbc 00000000 00000000 00000000 00000000  
I/DEBUG   ( 1914):     4017bfcc 00000000 00000000 00000000 00000000  
I/DEBUG   ( 1914):     4017bfdc 00000000 00000000 00000000 00000000  
I/DEBUG   ( 1914):     4017bfec 00000000 00000000 00000000 00000000  
I/DEBUG   ( 1914):     4017bffc 00000000 00000000 00000000 00000000  
I/DEBUG   ( 1914): 
I/DEBUG   ( 1914): memory near r9:
I/DEBUG   ( 1914):     41b87510 56bcc852 00000001 00000000 00000000  
I/DEBUG   ( 1914):     41b87520 00000000 00000000 00000000 00000000  
I/DEBUG   ( 1914):     41b87530 00000000 00000001 00000000 00000000  
I/DEBUG   ( 1914):     41b87540 00000000 4020f3f0 00000000 00000000  
I/DEBUG   ( 1914):     41b87550 00000000 00000004 4020e1a8 00000000  
I/DEBUG   ( 1914):     41b87560 00000000 00000000 00000040 ffffffff  
I/DEBUG   ( 1914):     41b87570 00000000 beca6a7c 00000001 41b88850  
I/DEBUG   ( 1914):     41b87580 40261384 00000000 00000000 00000000  
I/DEBUG   ( 1914):     41b87590 41b87450 4020efe4 00000087 41b83030  
I/DEBUG   ( 1914):     41b875a0 00000052 00000000 4020e218 00000000  
I/DEBUG   ( 1914):     41b875b0 00000000 00000000 0000000c 00000000  
I/DEBUG   ( 1914):     41b875c0 00000000 00000000 00000000 00000000  
I/DEBUG   ( 1914):     41b875d0 00000000 00000000 00000000 00000000  
I/DEBUG   ( 1914):     41b875e0 00000000 00000000 00000000 00000000  
I/DEBUG   ( 1914):     41b875f0 00000000 00000000 00000000 00000000  
I/DEBUG   ( 1914):     41b87600 00000000 41b87450 41b890d8 00000000  
I/DEBUG   ( 1914): 
I/DEBUG   ( 1914): memory near fp:
I/DEBUG   ( 1914):     beca6a4c 00000000 00000000 400a37e0 400a4e6c  
I/DEBUG   ( 1914):     beca6a5c 400a4e74 400a4e7c beca6a70 00000000  
I/DEBUG   ( 1914):     beca6a6c 4016b87d 00000001 beca6b6f 00000000  
I/DEBUG   ( 1914):     beca6a7c beca6b8a beca6bc7 beca6bef beca6c02  
I/DEBUG   ( 1914):     beca6a8c beca6c17 beca6c32 beca6c45 beca6c5e  
I/DEBUG   ( 1914):     beca6a9c beca6c78 beca6c91 beca6eda beca6f04  
I/DEBUG   ( 1914):     beca6aac beca6f39 beca6f65 beca6f8f beca6fa4  
I/DEBUG   ( 1914):     beca6abc beca6fc2 00000000 00000010 0008b0d7  
I/DEBUG   ( 1914):     beca6acc 00000006 00001000 00000011 00000064  
I/DEBUG   ( 1914):     beca6adc 00000003 400a3034 00000004 00000020  
I/DEBUG   ( 1914):     beca6aec 00000005 00000008 00000007 4016a000  
I/DEBUG   ( 1914):     beca6afc 00000008 00000000 00000009 400a377c  
I/DEBUG   ( 1914):     beca6b0c 0000000b 000003e8 0000000c 000003e8  
I/DEBUG   ( 1914):     beca6b1c 0000000d 000003eb 0000000e 000003eb  
I/DEBUG   ( 1914):     beca6b2c 00000017 00000000 00000019 beca6b5b  
I/DEBUG   ( 1914):     beca6b3c 0000001f beca6fe1 0000000f beca6b6b  
I/DEBUG   ( 1914): 
I/DEBUG   ( 1914): memory near sp:
I/DEBUG   ( 1914):     beca64f8 41b8b600 00000001 41b87530 00000001  
I/DEBUG   ( 1914):     beca6508 40196525 40208660 beca6584 00000000  
I/DEBUG   ( 1914):     beca6518 4017bf2c 00000006 00000002 0000077d  
I/DEBUG   ( 1914):     beca6528 0000077d 402260b7 4017bf24 00000006  
I/DEBUG   ( 1914):     beca6538 00000000 beca69e8 41b8b600 402262af  
I/DEBUG   ( 1914):     beca6548 beca6554 4022500f 401d953d ffffffdf  
I/DEBUG   ( 1914):     beca6558 40176757 745d8cbb 40176641 745d8cbb  
I/DEBUG   ( 1914):     beca6568 40208660 40208660 40208660 40234914  
I/DEBUG   ( 1914):     beca6578 40196525 40196ab3 beca6994 73206f6e  
I/DEBUG   ( 1914):     beca6588 61746975 20656c62 434c4745 69666e6f  
I/DEBUG   ( 1914):     beca6598 6f662067 2c646e75 76696720 20676e69  
I/DEBUG   ( 1914):     beca65a8 75007075 00797265 2e696c61 70006f73  
I/DEBUG   ( 1914):     beca65b8 73636968 572f4820 40176641 401766e6  
I/DEBUG   ( 1914):     beca65c8 beca6684 40070924 00003816 00000016  
I/DEBUG   ( 1914):     beca65d8 400bd000 00005ffc 400bd859 400c2ff8  
I/DEBUG   ( 1914):     beca65e8 400bdb5c 4016b4d3 00000020 beca6680  
I/DEBUG   ( 1914): 
I/DEBUG   ( 1914): code around pc:
I/DEBUG   ( 1914):     4023503c e8bd00f0 e3700a01 912fff1e e2600000  
I/DEBUG   ( 1914):     4023504c ea006e76 e92d50f0 e3a07f43 ef000000  
I/DEBUG   ( 1914):     4023505c e8bd50f0 e3700a01 912fff1e e2600000  
I/DEBUG   ( 1914):     4023506c ea006e6e e92d50f0 e3a070ee ef000000  
I/DEBUG   ( 1914):     4023507c e8bd50f0 e3700a01 912fff1e e2600000  
I/DEBUG   ( 1914):     4023508c ea006e66 f200429a bf0080cf f000f891  
I/DEBUG   ( 1914):     4023509c 4001e92d f040f891 d3532a10 0301ea80  
I/DEBUG   ( 1914):     402350ac 0303f013 806ef000 d3262ae0 0300f1c0  
I/DEBUG   ( 1914):     402350bc 030ff013 eba2d021 ea5f0203 bf447cc3  
I/DEBUG   ( 1914):     402350cc eb01f811 eb01f800 f811bf21 f811cb01  
I/DEBUG   ( 1914):     402350dc f800eb01 f800cb01 ea5feb01 da037c43  
I/DEBUG   ( 1914):     402350ec 080df9a1 083df980 f921d303 f900070d  
I/DEBUG   ( 1914):     402350fc f891071d f891f000 3a40f040 f891d30f  
I/DEBUG   ( 1914):     4023510c f891f080 f921f0c0 f921020d f891420d  
I/DEBUG   ( 1914):     4023511c 3a40f0c0 020df900 420df900 f102d2f3  
I/DEBUG   ( 1914):     4023512c 3a200240 f921d305 3a20020d 020df900  
I/DEBUG   ( 1914): 
I/DEBUG   ( 1914): code around lr:
I/DEBUG   ( 1914):     40226094 4b11ec12 e010447b d10e42bb 6a1f480f  
I/DEBUG   ( 1914):     402260a4 f7fb4478 f00dec8a 4639ea0c f00e462a  
I/DEBUG   ( 1914):     402260b4 3001efce 2500d00a 681be009 d1eb2b00  
I/DEBUG   ( 1914):     402260c4 25034807 f7fb4478 e000ec78 60266825  
I/DEBUG   ( 1914):     402260d4 bdf84628 0003b30c 0003b300 0003b2f8  
I/DEBUG   ( 1914):     402260e4 0003b2d4 bf82f7ff 4a3a4b39 47f0e92d  
I/DEBUG   ( 1914):     402260f4 447b460d 4607b08a 6833589e 930946b1  
I/DEBUG   ( 1914):     40226104 f9fcf001 f8d04604 2d008000 4628d04a  
I/DEBUG   ( 1914):     40226114 fe92f00f 4606280f f7ffd846 4287ffe3  
I/DEBUG   ( 1914):     40226124 200fd106 f00d4629 2800e8da e032d03d  
I/DEBUG   ( 1914):     40226134 44784829 ebbef7fb 44784828 42b8e015  
I/DEBUG   ( 1914):     40226144 6a07d113 44784826 ec36f7fb 463b4a25  
I/DEBUG   ( 1914):     40226154 a8012120 f013447a 2101fa8b f01aa801  
I/DEBUG   ( 1914):     40226164 1c43fda3 d1044607 6800e015 d1e62800  
I/DEBUG   ( 1914):     40226174 4638e023 46324629 e914f00d 3ffff1b0  
I/DEBUG   ( 1914):     40226184 d1024682 29046821 4638d0f3 e964f00d  
I/ServiceManager( 1910): service 'media.audio_policy' died
I/ServiceManager( 1910): service 'media.audio_flinger' died
I/ServiceManager( 1910): service 'media.player' died
I/ServiceManager( 1910): service 'media.camera' died
D/WVMDrmPlugIn( 1919): WVMDrmPlugin::onGetSupportInfo : 0
D/WVMDrmPlugIn( 1919): WVMDrmPlugin::onGetSupportInfo : 0
I/Netd    ( 2118): Netd 1.0 starting
I/SurfaceFlinger( 2120): SurfaceFlinger is starting
I/SurfaceFlinger( 2120): SurfaceFlinger's main thread ready to run. Initializing graphics H/W...
D/libEGL  ( 2120): loaded /system/lib/egl/libEGL_mali.so
D/libEGL  ( 2120): loaded /system/lib/egl/libGLESv1_CM_mali.so
D/libEGL  ( 2120): loaded /system/lib/egl/libGLESv2_mali.so
E/        ( 2120): ERROR in Mali driver:
E/        ( 2120):  * Device driver API mismatch
E/        ( 2120):  * Device driver API version: 29
E/        ( 2120):  * User space API version: 23
E/        ( 2120): mali: REVISION=Linux-r3p2-01rel3 BUILD_DATE=Fri Mar 21 13:52:50 KST 2014 
W/libEGL  ( 2120): eglInitialize(0x1) failed (EGL_BAD_ALLOC)
I/gralloc ( 2120): using (fd=16)
I/gralloc ( 2120): id           = s3cfb
I/gralloc ( 2120): xres         = 720 px
I/gralloc ( 2120): yres         = 1280 px
I/gralloc ( 2120): xres_virtual = 720 px
I/gralloc ( 2120): yres_virtual = 2560 px
I/gralloc ( 2120): bpp          = 32
I/gralloc ( 2120): r            = 16:8
I/gralloc ( 2120): g            =  8:8
I/gralloc ( 2120): b            =  0:8
I/gralloc ( 2120): width        = 60 mm (304.799988 dpi)
I/gralloc ( 2120): height       = 106 mm (306.716980 dpi)
I/gralloc ( 2120): refresh rate = 60.51 Hz
I/SurfaceFlinger( 2120): Using composer version 1.0
W/SurfaceFlinger( 2120): getting VSYNC period from fb HAL: 16527286
W/SurfaceFlinger( 2120): no suitable EGLConfig found, trying a simpler query
F/SurfaceFlinger( 2120): no suitable EGLConfig found, giving up
F/libc    ( 2120): Fatal signal 6 (SIGABRT) at 0x00000848 (code=-6), thread 2120 (surfaceflinger)
W/SurfaceFlinger( 2120): Ignoring duplicate VSYNC event from HWC (t=0)
I/DEBUG   ( 1914): *** *** *** *** *** *** *** *** *** *** *** *** *** *** *** ***
I/DEBUG   ( 1914): Build fingerprint: 'samsung/i9308xx/i9308:4.3/JSS15J/i9308XXUGMJ9:user/release-keys'
I/DEBUG   ( 1914): Revision: '12'
I/DEBUG   ( 1914): pid: 2120, tid: 2120, name: surfaceflinger  >>> /system/bin/surfaceflinger <<<
I/DEBUG   ( 1914): signal 6 (SIGABRT), code -6 (SI_TKILL), fault addr --------
I/DEBUG   ( 1914):     r0 00000000  r1 00000848  r2 00000006  r3 00000000
I/DEBUG   ( 1914):     r4 40117f2c  r5 00000006  r6 00000002  r7 0000010c
I/DEBUG   ( 1914):     r8 00000001  r9 40ade530  sl 00000001  fp befd8a6c
I/DEBUG   ( 1914):     ip 00000848  sp befd8518  lr 401350b7  pc 4014405c  cpsr 000f0010
I/DEBUG   ( 1914):     d0  6174697520676e69  d1  434c474520656c62
I/DEBUG   ( 1914):     d2  6f66206769666e6f  d3  766967202c646e75
I/DEBUG   ( 1914):     d4  3fe000000000953a  d5  4024000000000000
I/DEBUG   ( 1914):     d6  0000000000000000  d7  4398666640000000
I/DEBUG   ( 1914):     d8  0000000000000000  d9  0000000000000000
I/DEBUG   ( 1914):     d10 0000000000000000  d11 0000000000000000
I/DEBUG   ( 1914):     d12 0000000000000000  d13 0000000000000000
I/DEBUG   ( 1914):     d14 0000000000000000  d15 0000000000000000
I/DEBUG   ( 1914):     d16 404e40c4a0000000  d17 41cdcd6500000000
I/DEBUG   ( 1914):     d18 416f85f6cd117aa9  d19 0000000000000000
I/DEBUG   ( 1914):     d20 401833d080000000  d21 404e40c4a0000000
I/DEBUG   ( 1914):     d22 0000000000000000  d23 0000000000000000
I/DEBUG   ( 1914):     d24 0000000000000000  d25 0000000000000000
I/DEBUG   ( 1914):     d26 404e40c4a0000000  d27 0000000000000000
I/DEBUG   ( 1914):     d28 0000000000000000  d29 0000000000000000
I/DEBUG   ( 1914):     d30 0000000000000000  d31 4000000000000000
I/DEBUG   ( 1914):     scr 20000010
I/DEBUG   ( 1914): 
I/DEBUG   ( 1914): backtrace:
I/DEBUG   ( 1914):     #00  pc 0002205c  /system/lib/libc.so (tgkill+12)
I/DEBUG   ( 1914):     #01  pc 000130b3  /system/lib/libc.so (pthread_kill+50)
I/DEBUG   ( 1914):     #02  pc 000132ab  /system/lib/libc.so (raise+10)
I/DEBUG   ( 1914):     #03  pc 0001200b  /system/lib/libc.so
I/DEBUG   ( 1914):     #04  pc 00021910  /system/lib/libc.so (abort+4)
I/DEBUG   ( 1914):     #05  pc 00006aaf  /system/lib/libcutils.so (__android_log_assert+86)
I/DEBUG   ( 1914):     #06  pc 0001d11f  /system/lib/libsurfaceflinger.so (android::SurfaceFlinger::init()+1294)
I/DEBUG   ( 1914):     #07  pc 000008a7  /system/bin/surfaceflinger
I/DEBUG   ( 1914):     #08  pc 0000e42b  /system/lib/libc.so (__libc_init+50)
I/DEBUG   ( 1914):     #09  pc 000007dc  /system/bin/surfaceflinger
I/DEBUG   ( 1914): 
I/DEBUG   ( 1914): stack:
I/DEBUG   ( 1914):          befd84d8  00000000  
I/DEBUG   ( 1914):          befd84dc  00000000  
I/DEBUG   ( 1914):          befd84e0  00000000  
I/DEBUG   ( 1914):          befd84e4  00000000  
I/DEBUG   ( 1914):          befd84e8  00000000  
I/DEBUG   ( 1914):          befd84ec  000003ff  
I/DEBUG   ( 1914):          befd84f0  40243660  /system/lib/libsurfaceflinger.so
I/DEBUG   ( 1914):          befd84f4  befd89e8  [stack]
I/DEBUG   ( 1914):          befd84f8  40077390  
I/DEBUG   ( 1914):          befd84fc  00000001  
I/DEBUG   ( 1914):          befd8500  40ade530  [heap]
I/DEBUG   ( 1914):          befd8504  00000001  
I/DEBUG   ( 1914):          befd8508  40084525  /system/lib/libcutils.so
I/DEBUG   ( 1914):          befd850c  40243660  /system/lib/libsurfaceflinger.so
I/DEBUG   ( 1914):          befd8510  befd8584  [stack]
I/DEBUG   ( 1914):          befd8514  00000000  
I/DEBUG   ( 1914):     #00  befd8518  40117f2c  /system/bin/linker
I/DEBUG   ( 1914):          befd851c  00000006  
I/DEBUG   ( 1914):          befd8520  00000002  
I/DEBUG   ( 1914):          befd8524  00000848  
I/DEBUG   ( 1914):          befd8528  00000848  
I/DEBUG   ( 1914):          befd852c  401350b7  /system/lib/libc.so (pthread_kill+54)
I/DEBUG   ( 1914):     #01  befd8530  40117f24  /system/bin/linker
I/DEBUG   ( 1914):          befd8534  00000006  
I/DEBUG   ( 1914):          befd8538  00000000  
I/DEBUG   ( 1914):          befd853c  befd89e8  [stack]
I/DEBUG   ( 1914):          befd8540  40077390  
I/DEBUG   ( 1914):          befd8544  401352af  /system/lib/libc.so (raise+14)
I/DEBUG   ( 1914):     #02  befd8548  befd8554  [stack]
I/DEBUG   ( 1914):          befd854c  4013400f  /system/lib/libc.so
I/DEBUG   ( 1914): 
I/DEBUG   ( 1914): memory near r4:
I/DEBUG   ( 1914):     40117f0c 00000000 00000000 00000000 00000000  
I/DEBUG   ( 1914):     40117f1c befd8a7c 00000000 40117f24 40118154  
I/DEBUG   ( 1914):     40117f2c 00000002 40212848 00000000 00000000  
I/DEBUG   ( 1914):     40117f3c 40118194 00000000 00000000 00000000  
I/DEBUG   ( 1914):     40117f4c 00000000 00000000 40ae0ac8 00000000  
I/DEBUG   ( 1914):     40117f5c 00000000 00000000 00000000 00000000  
I/DEBUG   ( 1914):     40117f6c 00000000 00000000 00000000 00000000  
I/DEBUG   ( 1914):     40117f7c 00000000 00000000 00000000 00000000  
I/DEBUG   ( 1914):     40117f8c 00000000 00000000 00000000 00000000  
I/DEBUG   ( 1914):     40117f9c 00000000 00000000 00000000 00000000  
I/DEBUG   ( 1914):     40117fac 00000000 00000000 00000000 00000000  
I/DEBUG   ( 1914):     40117fbc 00000000 00000000 00000000 00000000  
I/DEBUG   ( 1914):     40117fcc 00000000 00000000 00000000 00000000  
I/DEBUG   ( 1914):     40117fdc 00000000 00000000 00000000 00000000  
I/DEBUG   ( 1914):     40117fec 00000000 00000000 00000000 00000000  
I/DEBUG   ( 1914):     40117ffc 00000000 00000000 00000000 00000000  
I/DEBUG   ( 1914): 
I/DEBUG   ( 1914): memory near r9:
I/DEBUG   ( 1914):     40ade510 825d9340 00000002 00000000 00000000  
I/DEBUG   ( 1914):     40ade520 00000000 00000000 00000000 00000000  
I/DEBUG   ( 1914):     40ade530 00000000 00000001 00000000 00000000  
I/DEBUG   ( 1914):     40ade540 00000000 4024a3f0 00000000 00000000  
I/DEBUG   ( 1914):     40ade550 00000000 00000004 402491a8 00000000  
I/DEBUG   ( 1914):     40ade560 00000000 00000000 00000040 ffffffff  
I/DEBUG   ( 1914):     40ade570 00000000 befd8a7c 00000001 40adf850  
I/DEBUG   ( 1914):     40ade580 40170384 00000000 00000000 00000000  
I/DEBUG   ( 1914):     40ade590 40ade450 40249fe4 00000087 40ada030  
I/DEBUG   ( 1914):     40ade5a0 00000040 00000000 40249218 00000000  
I/DEBUG   ( 1914):     40ade5b0 00000000 00000000 0000000c 00000000  
I/DEBUG   ( 1914):     40ade5c0 00000000 00000000 00000000 00000000  
I/DEBUG   ( 1914):     40ade5d0 00000000 00000000 00000000 00000000  
I/DEBUG   ( 1914):     40ade5e0 00000000 00000000 00000000 00000000  
I/DEBUG   ( 1914):     40ade5f0 00000000 00000000 00000000 00000000  
I/DEBUG   ( 1914):     40ade600 00000000 40ade450 40adfb68 00000000  
I/DEBUG   ( 1914): 
I/DEBUG   ( 1914): memory near fp:
I/DEBUG   ( 1914):     befd8a4c 00000000 00000000 4003f7e0 40040e6c  
I/DEBUG   ( 1914):     befd8a5c 40040e74 40040e7c befd8a70 00000000  
I/DEBUG   ( 1914):     befd8a6c 4010787d 00000001 befd8b6f 00000000  
I/DEBUG   ( 1914):     befd8a7c befd8b8a befd8bc7 befd8bef befd8c02  
I/DEBUG   ( 1914):     befd8a8c befd8c17 befd8c32 befd8c45 befd8c5e  
I/DEBUG   ( 1914):     befd8a9c befd8c78 befd8c91 befd8eda befd8f04  
I/DEBUG   ( 1914):     befd8aac befd8f39 befd8f65 befd8f8f befd8fa4  
I/DEBUG   ( 1914):     befd8abc befd8fc2 00000000 00000010 0008b0d7  
I/DEBUG   ( 1914):     befd8acc 00000006 00001000 00000011 00000064  
I/DEBUG   ( 1914):     befd8adc 00000003 4003f034 00000004 00000020  
I/DEBUG   ( 1914):     befd8aec 00000005 00000008 00000007 40106000  
I/DEBUG   ( 1914):     befd8afc 00000008 00000000 00000009 4003f77c  
I/DEBUG   ( 1914):     befd8b0c 0000000b 000003e8 0000000c 000003e8  
I/DEBUG   ( 1914):     befd8b1c 0000000d 000003eb 0000000e 000003eb  
I/DEBUG   ( 1914):     befd8b2c 00000017 00000000 00000019 befd8b5b  
I/DEBUG   ( 1914):     befd8b3c 0000001f befd8fe1 0000000f befd8b6b  
I/DEBUG   ( 1914): 
I/DEBUG   ( 1914): memory near sp:
I/DEBUG   ( 1914):     befd84f8 40077390 00000001 40ade530 00000001  
I/DEBUG   ( 1914):     befd8508 40084525 40243660 befd8584 00000000  
I/DEBUG   ( 1914):     befd8518 40117f2c 00000006 00000002 00000848  
I/DEBUG   ( 1914):     befd8528 00000848 401350b7 40117f24 00000006  
I/DEBUG   ( 1914):     befd8538 00000000 befd89e8 40077390 401352af  
I/DEBUG   ( 1914):     befd8548 befd8554 4013400f 4045353d ffffffdf  
I/DEBUG   ( 1914):     befd8558 40112757 922fbd5b 40112641 922fbd5b  
I/DEBUG   ( 1914):     befd8568 40243660 40243660 40243660 40143914  
I/DEBUG   ( 1914):     befd8578 40084525 40084ab3 befd8994 73206f6e  
I/DEBUG   ( 1914):     befd8588 61746975 20656c62 434c4745 69666e6f  
I/DEBUG   ( 1914):     befd8598 6f662067 2c646e75 76696720 20676e69  
I/DEBUG   ( 1914):     befd85a8 75007075 00797265 2e696c61 70006f73  
I/DEBUG   ( 1914):     befd85b8 73636968 572f4820 40112641 401126e6  
I/DEBUG   ( 1914):     befd85c8 befd8684 400bc924 00003816 00000016  
I/DEBUG   ( 1914):     befd85d8 40042000 00005ffc 40042859 40047ff8  
I/DEBUG   ( 1914):     befd85e8 40042b5c 401074d3 00000020 befd8680  
I/DEBUG   ( 1914): 
I/DEBUG   ( 1914): code around pc:
I/DEBUG   ( 1914):     4014403c e8bd00f0 e3700a01 912fff1e e2600000  
I/DEBUG   ( 1914):     4014404c ea006e76 e92d50f0 e3a07f43 ef000000  
I/DEBUG   ( 1914):     4014405c e8bd50f0 e3700a01 912fff1e e2600000  
I/DEBUG   ( 1914):     4014406c ea006e6e e92d50f0 e3a070ee ef000000  
I/DEBUG   ( 1914):     4014407c e8bd50f0 e3700a01 912fff1e e2600000  
I/DEBUG   ( 1914):     4014408c ea006e66 f200429a bf0080cf f000f891  
I/DEBUG   ( 1914):     4014409c 4001e92d f040f891 d3532a10 0301ea80  
I/DEBUG   ( 1914):     401440ac 0303f013 806ef000 d3262ae0 0300f1c0  
I/DEBUG   ( 1914):     401440bc 030ff013 eba2d021 ea5f0203 bf447cc3  
I/DEBUG   ( 1914):     401440cc eb01f811 eb01f800 f811bf21 f811cb01  
I/DEBUG   ( 1914):     401440dc f800eb01 f800cb01 ea5feb01 da037c43  
I/DEBUG   ( 1914):     401440ec 080df9a1 083df980 f921d303 f900070d  
I/DEBUG   ( 1914):     401440fc f891071d f891f000 3a40f040 f891d30f  
I/DEBUG   ( 1914):     4014410c f891f080 f921f0c0 f921020d f891420d  
I/DEBUG   ( 1914):     4014411c 3a40f0c0 020df900 420df900 f102d2f3  
I/DEBUG   ( 1914):     4014412c 3a200240 f921d305 3a20020d 020df900  
I/DEBUG   ( 1914): 
I/DEBUG   ( 1914): code around lr:
I/DEBUG   ( 1914):     40135094 4b11ec12 e010447b d10e42bb 6a1f480f  
I/DEBUG   ( 1914):     401350a4 f7fb4478 f00dec8a 4639ea0c f00e462a  
I/DEBUG   ( 1914):     401350b4 3001efce 2500d00a 681be009 d1eb2b00  
I/DEBUG   ( 1914):     401350c4 25034807 f7fb4478 e000ec78 60266825  
I/DEBUG   ( 1914):     401350d4 bdf84628 0003b30c 0003b300 0003b2f8  
I/DEBUG   ( 1914):     401350e4 0003b2d4 bf82f7ff 4a3a4b39 47f0e92d  
I/DEBUG   ( 1914):     401350f4 447b460d 4607b08a 6833589e 930946b1  
I/DEBUG   ( 1914):     40135104 f9fcf001 f8d04604 2d008000 4628d04a  
I/DEBUG   ( 1914):     40135114 fe92f00f 4606280f f7ffd846 4287ffe3  
I/DEBUG   ( 1914):     40135124 200fd106 f00d4629 2800e8da e032d03d  
I/DEBUG   ( 1914):     40135134 44784829 ebbef7fb 44784828 42b8e015  
I/DEBUG   ( 1914):     40135144 6a07d113 44784826 ec36f7fb 463b4a25  
I/DEBUG   ( 1914):     40135154 a8012120 f013447a 2101fa8b f01aa801  
I/DEBUG   ( 1914):     40135164 1c43fda3 d1044607 6800e015 d1e62800  
I/DEBUG   ( 1914):     40135174 4638e023 46324629 e914f00d 3ffff1b0  
I/DEBUG   ( 1914):     40135184 d1024682 29046821 4638d0f3 e964f00d  
I/mediaserver( 2122): ServiceManager: 0x40caa1b0
I/AudioFlinger( 2122): Using default 3000 mSec as standby time.
E/MediaPlayerFactory( 2122): calling dlopen on FACTORY_LIB
E/MediaPlayerFactory( 2122): Failed to open FACTORY_LIB Error : dlopen failed: library "libdashplayer.so" not found 
I/CameraService( 2122): CameraService started (pid=2122)
I/CameraService( 2122): Loaded "m0xx Camera Wrapper" camera module
D/SecCameraHardware( 2122): LSIHAL int android::HAL_getNumberOfCameras()
I/AudioPolicyManagerBase( 2122): loadAudioPolicyConfig() loaded /system/etc/audio_policy.conf
V/audio_hw_primary( 2122): Reading configuration from /system/etc/sound/i9308
E/audio_hw_primary( 2122): Failed to open /system/etc/sound/i9308
E/AudioFlinger( 2122): int android::load_audio_interface(const char*, audio_hw_device_t**) couldn't open audio hw device in audio.primary (Invalid argument)
I/AudioFlinger( 2122): loadHwModule() error -22 loading module primary 
W/AudioPolicyManagerBase( 2122): could not open HW module primary
I/audio_a2dp_hw( 2122): adev_open:  adev_open in A2dp_hw module
I/AudioFlinger( 2122): loadHwModule() Loaded a2dp audio interface from A2DP Audio HW HAL (audio) handle 1
I/AudioFlinger( 2122): loadHwModule() Loaded usb audio interface from USB audio HW HAL (audio) handle 2
I/r_submix( 2122): adev_open(name=audio_hw_if)
I/r_submix( 2122): adev_init_check()
I/AudioFlinger( 2122): loadHwModule() Loaded r_submix audio interface from Wifi Display audio HAL (audio) handle 3
E/AudioPolicyManagerBase( 2122): Not output found for attached devices 00000003
E/AudioPolicyManagerBase( 2122): Failed to open primary output
E/AudioPolicyManagerBase( 2122): getDeviceForStrategy() speaker device not found for STRATEGY_SONIFICATION
E/AudioPolicyManagerBase( 2122): getDeviceForStrategy() speaker device not found for STRATEGY_SONIFICATION
E/AudioPolicyService( 2122): couldn't init_check the audio policy (No such device)
I/ServiceManager( 1910): service 'media.audio_policy' died
I/ServiceManager( 1910): service 'media.audio_flinger' died
I/ServiceManager( 1910): service 'media.player' died
I/ServiceManager( 1910): service 'media.camera' died
I/Netd    ( 2160): Netd 1.0 starting
I/SurfaceFlinger( 2162): SurfaceFlinger is starting
I/SurfaceFlinger( 2162): SurfaceFlinger's main thread ready to run. Initializing graphics H/W...
D/libEGL  ( 2162): loaded /system/lib/egl/libEGL_mali.so
D/libEGL  ( 2162): loaded /system/lib/egl/libGLESv1_CM_mali.so
D/libEGL  ( 2162): loaded /system/lib/egl/libGLESv2_mali.so
E/        ( 2162): ERROR in Mali driver:
E/        ( 2162):  * Device driver API mismatch
E/        ( 2162):  * Device driver API version: 29
E/        ( 2162):  * User space API version: 23
E/        ( 2162): mali: REVISION=Linux-r3p2-01rel3 BUILD_DATE=Fri Mar 21 13:52:50 KST 2014 
W/libEGL  ( 2162): eglInitialize(0x1) failed (EGL_BAD_ALLOC)
I/gralloc ( 2162): using (fd=16)
I/gralloc ( 2162): id           = s3cfb
I/gralloc ( 2162): xres         = 720 px
I/gralloc ( 2162): yres         = 1280 px
I/gralloc ( 2162): xres_virtual = 720 px
I/gralloc ( 2162): yres_virtual = 2560 px
I/gralloc ( 2162): bpp          = 32
I/gralloc ( 2162): r            = 16:8
I/gralloc ( 2162): g            =  8:8
I/gralloc ( 2162): b            =  0:8
I/gralloc ( 2162): width        = 60 mm (304.799988 dpi)
I/gralloc ( 2162): height       = 106 mm (306.716980 dpi)
I/gralloc ( 2162): refresh rate = 60.51 Hz
I/SurfaceFlinger( 2162): Using composer version 1.0
W/SurfaceFlinger( 2162): getting VSYNC period from fb HAL: 16527286
W/SurfaceFlinger( 2162): no suitable EGLConfig found, trying a simpler query
F/SurfaceFlinger( 2162): no suitable EGLConfig found, giving up
F/libc    ( 2162): Fatal signal 6 (SIGABRT) at 0x00000872 (code=-6), thread 2162 (surfaceflinger)
W/SurfaceFlinger( 2162): Ignoring duplicate VSYNC event from HWC (t=0)
I/DEBUG   ( 1914): *** *** *** *** *** *** *** *** *** *** *** *** *** *** *** ***
I/DEBUG   ( 1914): Build fingerprint: 'samsung/i9308xx/i9308:4.3/JSS15J/i9308XXUGMJ9:user/release-keys'
I/DEBUG   ( 1914): Revision: '12'
I/DEBUG   ( 1914): pid: 2162, tid: 2162, name: surfaceflinger  >>> /system/bin/surfaceflinger <<<
I/DEBUG   ( 1914): signal 6 (SIGABRT), code -6 (SI_TKILL), fault addr --------
I/mediaserver( 2164): ServiceManager: 0x40d63448
I/AudioFlinger( 2164): Using default 3000 mSec as standby time.
E/MediaPlayerFactory( 2164): calling dlopen on FACTORY_LIB
E/MediaPlayerFactory( 2164): Failed to open FACTORY_LIB Error : dlopen failed: library "libdashplayer.so" not found 
I/CameraService( 2164): CameraService started (pid=2164)
I/CameraService( 2164): Loaded "m0xx Camera Wrapper" camera module
I/DEBUG   ( 1914):     r0 00000000  r1 00000872  r2 00000006  r3 00000000
I/DEBUG   ( 1914):     r4 400bef2c  r5 00000006  r6 00000002  r7 0000010c
I/DEBUG   ( 1914):     r8 00000001  r9 41a11530  sl 00000001  fp beafea6c
I/DEBUG   ( 1914):     ip 00000872  sp beafe518  lr 401160b7  pc 4012505c  cpsr 000f0010
I/DEBUG   ( 1914):     d0  6174697520676e69  d1  434c474520656c62
I/DEBUG   ( 1914):     d2  6f66206769666e6f  d3  766967202c646e75
I/DEBUG   ( 1914):     d4  3fe000000000953a  d5  4024000000000000
I/DEBUG   ( 1914):     d6  0000000000000000  d7  4398666640000000
I/DEBUG   ( 1914):     d8  0000000000000000  d9  0000000000000000
I/DEBUG   ( 1914):     d10 0000000000000000  d11 0000000000000000
I/DEBUG   ( 1914):     d12 0000000000000000  d13 0000000000000000
I/DEBUG   ( 1914):     d14 0000000000000000  d15 0000000000000000
I/DEBUG   ( 1914):     d16 404e40c4a0000000  d17 41cdcd6500000000
I/DEBUG   ( 1914):     d18 416f85f6cd117aa9  d19 0000000000000000
I/DEBUG   ( 1914):     d20 401833d080000000  d21 404e40c4a0000000
I/DEBUG   ( 1914):     d22 0000000000000000  d23 0000000000000000
I/DEBUG   ( 1914):     d24 0000000000000000  d25 0000000000000000
I/DEBUG   ( 1914):     d26 404e40c4a0000000  d27 0000000000000000
I/DEBUG   ( 1914):     d28 0000000000000000  d29 0000000000000000
I/DEBUG   ( 1914):     d30 0000000000000000  d31 4000000000000000
I/DEBUG   ( 1914):     scr 20000010
D/SecCameraHardware( 2164): LSIHAL int android::HAL_getNumberOfCameras()
I/AudioPolicyManagerBase( 2164): loadAudioPolicyConfig() loaded /system/etc/audio_policy.conf
I/DEBUG   ( 1914): 
I/DEBUG   ( 1914): backtrace:
I/DEBUG   ( 1914):     #00  pc 0002205c  /system/lib/libc.so (tgkill+12)
I/DEBUG   ( 1914):     #01  pc 000130b3  /system/lib/libc.so (pthread_kill+50)
I/DEBUG   ( 1914):     #02  pc 000132ab  /system/lib/libc.so (raise+10)
I/DEBUG   ( 1914):     #03  pc 0001200b  /system/lib/libc.so
I/DEBUG   ( 1914):     #04  pc 00021910  /system/lib/libc.so (abort+4)
I/DEBUG   ( 1914):     #05  pc 00006aaf  /system/lib/libcutils.so (__android_log_assert+86)
I/DEBUG   ( 1914):     #06  pc 0001d11f  /system/lib/libsurfaceflinger.so (android::SurfaceFlinger::init()+1294)
I/DEBUG   ( 1914):     #07  pc 000008a7  /system/bin/surfaceflinger
I/DEBUG   ( 1914):     #08  pc 0000e42b  /system/lib/libc.so (__libc_init+50)
I/DEBUG   ( 1914):     #09  pc 000007dc  /system/bin/surfaceflinger
I/DEBUG   ( 1914): 
I/DEBUG   ( 1914): stack:
I/DEBUG   ( 1914):          beafe4d8  00000000  
I/DEBUG   ( 1914):          beafe4dc  00000000  
I/DEBUG   ( 1914):          beafe4e0  00000000  
I/DEBUG   ( 1914):          beafe4e4  00000000  
I/DEBUG   ( 1914):          beafe4e8  00000000  
I/DEBUG   ( 1914):          beafe4ec  000003ff  
I/DEBUG   ( 1914):          beafe4f0  40197660  /system/lib/libsurfaceflinger.so
I/DEBUG   ( 1914):          beafe4f4  beafe9e8  [stack]
I/DEBUG   ( 1914):          beafe4f8  41a155c8  [heap]
I/DEBUG   ( 1914):          beafe4fc  00000001  
I/DEBUG   ( 1914):          beafe500  41a11530  [heap]
I/DEBUG   ( 1914):          beafe504  00000001  
I/DEBUG   ( 1914):          beafe508  400cb525  /system/lib/libcutils.so
I/DEBUG   ( 1914):          beafe50c  40197660  /system/lib/libsurfaceflinger.so
I/DEBUG   ( 1914):          beafe510  beafe584  [stack]
I/DEBUG   ( 1914):          beafe514  00000000  
I/DEBUG   ( 1914):     #00  beafe518  400bef2c  /system/bin/linker
I/DEBUG   ( 1914):          beafe51c  00000006  
I/DEBUG   ( 1914):          beafe520  00000002  
I/DEBUG   ( 1914):          beafe524  00000872  
I/DEBUG   ( 1914):          beafe528  00000872  
I/DEBUG   ( 1914):          beafe52c  401160b7  /system/lib/libc.so (pthread_kill+54)
I/DEBUG   ( 1914):     #01  beafe530  400bef24  /system/bin/linker
I/DEBUG   ( 1914):          beafe534  00000006  
I/DEBUG   ( 1914):          beafe538  00000000  
I/DEBUG   ( 1914):          beafe53c  beafe9e8  [stack]
I/DEBUG   ( 1914):          beafe540  41a155c8  [heap]
I/DEBUG   ( 1914):          beafe544  401162af  /system/lib/libc.so (raise+14)
I/DEBUG   ( 1914):     #02  beafe548  beafe554  [stack]
I/DEBUG   ( 1914):          beafe54c  4011500f  /system/lib/libc.so
V/audio_hw_primary( 2164): Reading configuration from /system/etc/sound/i9308
E/audio_hw_primary( 2164): Failed to open /system/etc/sound/i9308
E/AudioFlinger( 2164): int android::load_audio_interface(const char*, audio_hw_device_t**) couldn't open audio hw device in audio.primary (Invalid argument)
I/AudioFlinger( 2164): loadHwModule() error -22 loading module primary 
W/AudioPolicyManagerBase( 2164): could not open HW module primary
I/DEBUG   ( 1914): 
I/DEBUG   ( 1914): memory near r4:
I/audio_a2dp_hw( 2164): adev_open:  adev_open in A2dp_hw module
I/DEBUG   ( 1914):     400bef0c 00000000 00000000 00000000 00000000  
I/AudioFlinger( 2164): loadHwModule() Loaded a2dp audio interface from A2DP Audio HW HAL (audio) handle 1
I/DEBUG   ( 1914):     400bef1c beafea7c 00000000 400bef24 400bf154  
I/DEBUG   ( 1914):     400bef2c 00000002 40217848 00000000 00000000  
I/DEBUG   ( 1914):     400bef3c 400bf194 00000000 00000000 00000000  
I/DEBUG   ( 1914):     400bef4c 00000000 00000000 00000000 41a142e0  
I/DEBUG   ( 1914):     400bef5c 00000000 00000000 00000000 00000000  
I/DEBUG   ( 1914):     400bef6c 00000000 00000000 00000000 00000000  
I/AudioFlinger( 2164): loadHwModule() Loaded usb audio interface from USB audio HW HAL (audio) handle 2
I/DEBUG   ( 1914):     400bef7c 00000000 00000000 00000000 00000000  
I/DEBUG   ( 1914):     400bef8c 00000000 00000000 00000000 00000000  
I/DEBUG   ( 1914):     400bef9c 00000000 00000000 00000000 00000000  
I/DEBUG   ( 1914):     400befac 00000000 00000000 00000000 00000000  
I/DEBUG   ( 1914):     400befbc 00000000 00000000 00000000 00000000  
I/DEBUG   ( 1914):     400befcc 00000000 00000000 00000000 00000000  
I/DEBUG   ( 1914):     400befdc 00000000 00000000 00000000 00000000  
I/DEBUG   ( 1914):     400befec 00000000 00000000 00000000 00000000  
I/DEBUG   ( 1914):     400beffc 00000000 00000000 00000000 00000000  
I/DEBUG   ( 1914): 
I/DEBUG   ( 1914): memory near r9:
I/DEBUG   ( 1914):     41a11510 bd47f2f8 00000003 00000000 00000000  
I/r_submix( 2164): adev_open(name=audio_hw_if)
I/r_submix( 2164): adev_init_check()
I/AudioFlinger( 2164): loadHwModule() Loaded r_submix audio interface from Wifi Display audio HAL (audio) handle 3
E/AudioPolicyManagerBase( 2164): Not output found for attached devices 00000003
E/AudioPolicyManagerBase( 2164): Failed to open primary output
E/AudioPolicyManagerBase( 2164): getDeviceForStrategy() speaker device not found for STRATEGY_SONIFICATION
I/DEBUG   ( 1914):     41a11520 00000000 00000000 00000000 00000000  
E/AudioPolicyManagerBase( 2164): getDeviceForStrategy() speaker device not found for STRATEGY_SONIFICATION
E/AudioPolicyService( 2164): couldn't init_check the audio policy (No such device)
I/DEBUG   ( 1914):     41a11530 00000000 00000001 00000000 00000000  
I/DEBUG   ( 1914):     41a11540 00000000 4019e3f0 00000000 00000000  
I/DEBUG   ( 1914):     41a11550 00000000 00000004 4019d1a8 00000000  
I/DEBUG   ( 1914):     41a11560 00000000 00000000 00000040 ffffffff  
I/DEBUG   ( 1914):     41a11570 00000000 beafea7c 00000001 41a12850  
I/DEBUG   ( 1914):     41a11580 40151384 00000000 00000000 00000000  
I/DEBUG   ( 1914):     41a11590 41a11450 4019dfe4 00000087 41a0d030  
I/DEBUG   ( 1914):     41a115a0 000000f8 00000000 4019d218 00000000  
I/DEBUG   ( 1914):     41a115b0 00000000 00000000 0000000c 00000000  
I/DEBUG   ( 1914):     41a115c0 00000000 00000000 00000000 00000000  
I/DEBUG   ( 1914):     41a115d0 00000000 00000000 00000000 00000000  
I/DEBUG   ( 1914):     41a115e0 00000000 00000000 00000000 00000000  
I/DEBUG   ( 1914):     41a115f0 00000000 00000000 00000000 00000000  
I/DEBUG   ( 1914):     41a11600 00000000 41a11450 41a13398 00000000  
I/DEBUG   ( 1914): 
I/DEBUG   ( 1914): memory near fp:
I/DEBUG   ( 1914):     beafea4c 00000000 00000000 400237e0 40024e6c  
I/DEBUG   ( 1914):     beafea5c 40024e74 40024e7c beafea70 00000000  
I/DEBUG   ( 1914):     beafea6c 400ae87d 00000001 beafeb6f 00000000  
I/DEBUG   ( 1914):     beafea7c beafeb8a beafebc7 beafebef beafec02  
I/DEBUG   ( 1914):     beafea8c beafec17 beafec32 beafec45 beafec5e  
I/DEBUG   ( 1914):     beafea9c beafec78 beafec91 beafeeda beafef04  
I/DEBUG   ( 1914):     beafeaac beafef39 beafef65 beafef8f beafefa4  
I/DEBUG   ( 1914):     beafeabc beafefc2 00000000 00000010 0008b0d7  
I/DEBUG   ( 1914):     beafeacc 00000006 00001000 00000011 00000064  
I/DEBUG   ( 1914):     beafeadc 00000003 40023034 00000004 00000020  
I/DEBUG   ( 1914):     beafeaec 00000005 00000008 00000007 400ad000  
I/DEBUG   ( 1914):     beafeafc 00000008 00000000 00000009 4002377c  
I/DEBUG   ( 1914):     beafeb0c 0000000b 000003e8 0000000c 000003e8  
I/DEBUG   ( 1914):     beafeb1c 0000000d 000003eb 0000000e 000003eb  
I/DEBUG   ( 1914):     beafeb2c 00000017 00000000 00000019 beafeb5b  
I/DEBUG   ( 1914):     beafeb3c 0000001f beafefe1 0000000f beafeb6b  
I/DEBUG   ( 1914): 
I/DEBUG   ( 1914): memory near sp:
I/DEBUG   ( 1914):     beafe4f8 41a155c8 00000001 41a11530 00000001  
I/DEBUG   ( 1914):     beafe508 400cb525 40197660 beafe584 00000000  
I/DEBUG   ( 1914):     beafe518 400bef2c 00000006 00000002 00000872  
I/DEBUG   ( 1914):     beafe528 00000872 401160b7 400bef24 00000006  
I/DEBUG   ( 1914):     beafe538 00000000 beafe9e8 41a155c8 401162af  
I/DEBUG   ( 1914):     beafe548 beafe554 4011500f 401aa53d ffffffdf  
I/DEBUG   ( 1914):     beafe558 400b9757 90add282 400b9641 90add282  
I/DEBUG   ( 1914):     beafe568 40197660 40197660 40197660 40124914  
I/DEBUG   ( 1914):     beafe578 400cb525 400cbab3 beafe994 73206f6e  
I/DEBUG   ( 1914):     beafe588 61746975 20656c62 434c4745 69666e6f  
I/DEBUG   ( 1914):     beafe598 6f662067 2c646e75 76696720 20676e69  
I/DEBUG   ( 1914):     beafe5a8 75007075 00797265 2e696c61 70006f73  
I/DEBUG   ( 1914):     beafe5b8 73636968 572f4820 400b9641 400b96e6  
I/DEBUG   ( 1914):     beafe5c8 beafe684 40064924 00003816 00000016  
I/DEBUG   ( 1914):     beafe5d8 400ee000 00005ffc 400ee859 400f3ff8  
I/DEBUG   ( 1914):     beafe5e8 400eeb5c 400ae4d3 00000020 beafe680  
I/DEBUG   ( 1914): 
I/DEBUG   ( 1914): code around pc:
I/DEBUG   ( 1914):     4012503c e8bd00f0 e3700a01 912fff1e e2600000  
I/DEBUG   ( 1914):     4012504c ea006e76 e92d50f0 e3a07f43 ef000000  
I/DEBUG   ( 1914):     4012505c e8bd50f0 e3700a01 912fff1e e2600000  
I/DEBUG   ( 1914):     4012506c ea006e6e e92d50f0 e3a070ee ef000000  
I/DEBUG   ( 1914):     4012507c e8bd50f0 e3700a01 912fff1e e2600000  
I/DEBUG   ( 1914):     4012508c ea006e66 f200429a bf0080cf f000f891  
I/DEBUG   ( 1914):     4012509c 4001e92d f040f891 d3532a10 0301ea80  
I/DEBUG   ( 1914):     401250ac 0303f013 806ef000 d3262ae0 0300f1c0  
I/DEBUG   ( 1914):     401250bc 030ff013 eba2d021 ea5f0203 bf447cc3  
I/DEBUG   ( 1914):     401250cc eb01f811 eb01f800 f811bf21 f811cb01  
I/DEBUG   ( 1914):     401250dc f800eb01 f800cb01 ea5feb01 da037c43  
I/DEBUG   ( 1914):     401250ec 080df9a1 083df980 f921d303 f900070d  
I/DEBUG   ( 1914):     401250fc f891071d f891f000 3a40f040 f891d30f  
I/DEBUG   ( 1914):     4012510c f891f080 f921f0c0 f921020d f891420d  
I/DEBUG   ( 1914):     4012511c 3a40f0c0 020df900 420df900 f102d2f3  
I/DEBUG   ( 1914):     4012512c 3a200240 f921d305 3a20020d 020df900  
I/DEBUG   ( 1914): 
I/DEBUG   ( 1914): code around lr:
I/DEBUG   ( 1914):     40116094 4b11ec12 e010447b d10e42bb 6a1f480f  
I/DEBUG   ( 1914):     401160a4 f7fb4478 f00dec8a 4639ea0c f00e462a  
I/DEBUG   ( 1914):     401160b4 3001efce 2500d00a 681be009 d1eb2b00  
I/DEBUG   ( 1914):     401160c4 25034807 f7fb4478 e000ec78 60266825  
I/DEBUG   ( 1914):     401160d4 bdf84628 0003b30c 0003b300 0003b2f8  
I/DEBUG   ( 1914):     401160e4 0003b2d4 bf82f7ff 4a3a4b39 47f0e92d  
I/DEBUG   ( 1914):     401160f4 447b460d 4607b08a 6833589e 930946b1  
I/DEBUG   ( 1914):     40116104 f9fcf001 f8d04604 2d008000 4628d04a  
I/DEBUG   ( 1914):     40116114 fe92f00f 4606280f f7ffd846 4287ffe3  
I/DEBUG   ( 1914):     40116124 200fd106 f00d4629 2800e8da e032d03d  
I/DEBUG   ( 1914):     40116134 44784829 ebbef7fb 44784828 42b8e015  
I/DEBUG   ( 1914):     40116144 6a07d113 44784826 ec36f7fb 463b4a25  
I/DEBUG   ( 1914):     40116154 a8012120 f013447a 2101fa8b f01aa801  
I/DEBUG   ( 1914):     40116164 1c43fda3 d1044607 6800e015 d1e62800  
I/DEBUG   ( 1914):     40116174 4638e023 46324629 e914f00d 3ffff1b0  
I/DEBUG   ( 1914):     40116184 d1024682 29046821 4638d0f3 e964f00d  
I/ServiceManager( 1910): service 'media.audio_policy' died
I/ServiceManager( 1910): service 'media.audio_flinger' died
I/ServiceManager( 1910): service 'media.player' died
I/ServiceManager( 1910): service 'media.camera' died
I/Netd    ( 2205): Netd 1.0 starting
I/SurfaceFlinger( 2207): SurfaceFlinger is starting
I/SurfaceFlinger( 2207): SurfaceFlinger's main thread ready to run. Initializing graphics H/W...
D/libEGL  ( 2207): loaded /system/lib/egl/libEGL_mali.so
D/libEGL  ( 2207): loaded /system/lib/egl/libGLESv1_CM_mali.so
D/libEGL  ( 2207): loaded /system/lib/egl/libGLESv2_mali.so
E/        ( 2207): ERROR in Mali driver:
E/        ( 2207):  * Device driver API mismatch
E/        ( 2207):  * Device driver API version: 29
E/        ( 2207):  * User space API version: 23
E/        ( 2207): mali: REVISION=Linux-r3p2-01rel3 BUILD_DATE=Fri Mar 21 13:52:50 KST 2014 
W/libEGL  ( 2207): eglInitialize(0x1) failed (EGL_BAD_ALLOC)
I/gralloc ( 2207): using (fd=16)
I/gralloc ( 2207): id           = s3cfb
I/gralloc ( 2207): xres         = 720 px
I/gralloc ( 2207): yres         = 1280 px
I/gralloc ( 2207): xres_virtual = 720 px
I/gralloc ( 2207): yres_virtual = 2560 px
I/gralloc ( 2207): bpp          = 32
I/gralloc ( 2207): r            = 16:8
I/gralloc ( 2207): g            =  8:8
I/gralloc ( 2207): b            =  0:8
I/gralloc ( 2207): width        = 60 mm (304.799988 dpi)
I/gralloc ( 2207): height       = 106 mm (306.716980 dpi)
I/gralloc ( 2207): refresh rate = 60.51 Hz
I/SurfaceFlinger( 2207): Using composer version 1.0
W/SurfaceFlinger( 2207): getting VSYNC period from fb HAL: 16527286
W/SurfaceFlinger( 2207): no suitable EGLConfig found, trying a simpler query
F/SurfaceFlinger( 2207): no suitable EGLConfig found, giving up
F/libc    ( 2207): Fatal signal 6 (SIGABRT) at 0x0000089f (code=-6), thread 2207 (surfaceflinger)
W/SurfaceFlinger( 2207): Ignoring duplicate VSYNC event from HWC (t=0)
I/mediaserver( 2209): ServiceManager: 0x41722448
I/AudioFlinger( 2209): Using default 3000 mSec as standby time.
E/MediaPlayerFactory( 2209): calling dlopen on FACTORY_LIB
E/MediaPlayerFactory( 2209): Failed to open FACTORY_LIB Error : dlopen failed: library "libdashplayer.so" not found 
I/CameraService( 2209): CameraService started (pid=2209)
I/CameraService( 2209): Loaded "m0xx Camera Wrapper" camera module
D/SecCameraHardware( 2209): LSIHAL int android::HAL_getNumberOfCameras()
I/AudioPolicyManagerBase( 2209): loadAudioPolicyConfig() loaded /system/etc/audio_policy.conf
V/audio_hw_primary( 2209): Reading configuration from /system/etc/sound/i9308
E/audio_hw_primary( 2209): Failed to open /system/etc/sound/i9308
E/AudioFlinger( 2209): int android::load_audio_interface(const char*, audio_hw_device_t**) couldn't open audio hw device in audio.primary (Invalid argument)
I/AudioFlinger( 2209): loadHwModule() error -22 loading module primary 
